// Jest Snapshot v1, https://goo.gl/fbAQLP

exports[`Results renders correctly 1`] = `
<DocumentFragment>
  <div
    class="results-0-2-1"
  >
    <div
      class="results-0-2-1"
      style="position: relative;"
    />
  </div>
</DocumentFragment>
`;
